// Vitest Snapshot v1, https://vitest.dev/guide/snapshot.html

exports[`Snapshots SongItem.vue > renders correctly 1`] = `
<li
  class="flex justify-between items-center p-3 pl-6 cursor-pointer transition duration-300 hover:bg-gray-50 example snapshot song-id-ksjnskjndkjskjndkn"
  id="song-id-ksjnskjndkjskjndkn"
>
  <router-link-stub
    class="font-bold block text-gray-600"
    custom="false"
    to="[object Object]"
  />
  <div
    class="text-gray-600 text-lg"
  >
    <router-link-stub
      custom="true"
      to="[object Object]"
    />
  </div>
</li>
`;
